---
source: crates/config/tests/it/sites.rs
expression: summary(&c)
---
content:
  drafts: false
  expired: false
  future: false
defaultLanguageInSubdir: false
environment: production
formats:
  - html
  - "404"
  - alias
  - amp
  - calendar
  - css
  - csv
  - gotmpl
  - json
  - markdown
  - robots
  - rss
  - sitemap
  - sitemapindex
  - webappmanifest
minifyOutput: false
multihost: false
security:
  inlineShortcodes: disabled
sites:
  - baseURL: "https://seeksnack.com/"
    cascade: 0
    code: en
    disableKinds: []
    lang: en
    mainSections: ~
    menus: 5
    name: 🇺🇸 English
    outputs:
      "404":
        - "404"
      home:
        - html
        - json
        - rss
      page:
        - html
      robotstxt:
        - robots
      section:
        - html
        - rss
      sitemap:
        - sitemap
      sitemapindex:
        - sitemapindex
      taxonomy:
        - html
        - rss
      term:
        - html
        - rss
    pagination:
      disableAliases: false
      pagerSize: 12
      path: page
    params: 22
    permalinks:
      page:
        posts: "/posts/:year/:month/:title"
      section: {}
      taxonomy: {}
      term:
        posts: "/posts/:year/:month/:title"
    taxonomies:
      - brand=brands
      - category=categories
      - company=companies
      - country=countries
      - ingredient=ingredients
      - tag=tags
    timeZone: UTC
    title: SeekSnack
    ugly: never
    urlPrefix: ""
    weight: 1
  - baseURL: "https://seeksnack.com/"
    cascade: 0
    code: th
    disableKinds: []
    lang: th
    mainSections: ~
    menus: 5
    name: 🇹🇭 ไทย
    outputs:
      "404":
        - "404"
      home:
        - html
        - json
        - rss
      page:
        - html
      robotstxt:
        - robots
      section:
        - html
        - rss
      sitemap:
        - sitemap
      sitemapindex:
        - sitemapindex
      taxonomy:
        - html
        - rss
      term:
        - html
        - rss
    pagination:
      disableAliases: false
      pagerSize: 12
      path: page
    params: 22
    permalinks:
      page:
        posts: "/posts/:year/:month/:title"
      section: {}
      taxonomy: {}
      term:
        posts: "/posts/:year/:month/:title"
    taxonomies:
      - brand=brands
      - category=categories
      - company=companies
      - country=countries
      - ingredient=ingredients
      - tag=tags
    timeZone: UTC
    title: SeekSnack
    ugly: never
    urlPrefix: th
    weight: 2
timeout: 60
